2025-09-10 01:27:47,204 - INFO - 3. Running test_detect_career...
2025-09-10 01:27:47,208 - INFO - PASSED
2025-09-10 01:27:47,209 - INFO - 2. Running test_detect_tech_multi_word...
2025-09-10 01:27:47,212 - INFO - PASSED
2025-09-10 01:27:47,213 - INFO - 1. Running test_detect_tech_single_word...
2025-09-10 01:27:47,213 - INFO - PASSED
2025-09-10 01:27:47,214 - INFO - 4. Running test_get_intent_ask_skills...
2025-09-10 01:27:47,216 - INFO - PASSED
2025-09-10 01:27:47,217 - INFO - 5. Running test_get_response_ask_skills_successful...
2025-09-10 01:27:47,218 - INFO - PASSED
2025-09-10 01:27:47,219 - INFO - 6. Running test_get_response_follow_up_question...
2025-09-10 01:27:47,220 - INFO - PASSED
2025-09-10 01:27:47,221 - INFO - 7. Running test_get_response_unknown_input...
2025-09-10 01:27:47,222 - INFO - PASSED
